22:24:11 **** Build of configuration Debug for project Drivers ****
make -j16 all 
arm-none-eabi-gcc -mcpu=cortex-m4 -g3 -DDEBUG -c -x assembler-with-cpp -MMD -MP -MF"Startup/startup_stm32f407vgtx.d" -MT"Startup/startup_stm32f407vgtx.o" --specs=nano.specs -mfpu=fpv4-sp-d16 -mfloat-abi=hard -mthumb -o "Startup/startup_stm32f407vgtx.o" "../Startup/startup_stm32f407vgtx.s"
arm-none-eabi-gcc "../Src/syscalls.c" -mcpu=cortex-m4 -std=gnu11 -g3 -DDEBUG -DSTM32 -DSTM32F407G_DISC1 -DSTM32F4 -DSTM32F407VGTx -c -I../Inc -O0 -ffunction-sections -fdata-sections -Wall -fstack-usage -fcyclomatic-complexity -MMD -MP -MF"Src/syscalls.d" -MT"Src/syscalls.o" --specs=nano.specs -mfpu=fpv4-sp-d16 -mfloat-abi=hard -mthumb -o "Src/syscalls.o"
arm-none-eabi-gcc "../Src/sysmem.c" -mcpu=cortex-m4 -std=gnu11 -g3 -DDEBUG -DSTM32 -DSTM32F407G_DISC1 -DSTM32F4 -DSTM32F407VGTx -c -I../Inc -O0 -ffunction-sections -fdata-sections -Wall -fstack-usage -fcyclomatic-complexity -MMD -MP -MF"Src/sysmem.d" -MT"Src/sysmem.o" --specs=nano.specs -mfpu=fpv4-sp-d16 -mfloat-abi=hard -mthumb -o "Src/sysmem.o"
arm-none-eabi-g++ "../Drivers/Src/Gpio_driver.cpp" -mcpu=cortex-m4 -std=gnu++14 -g3 -DDEBUG -DSTM32 -DSTM32F407G_DISC1 -DSTM32F4 -DSTM32F407VGTx -c -I../Inc -I"E:/STM32F407VG_DRIVER DEVELEPMENT/Drivers/Inc" -I"E:/STM32F407VG_DRIVER DEVELEPMENT/Drivers/Drivers/Inc" -O0 -ffunction-sections -fdata-sections -fno-exceptions -fno-rtti -fno-use-cxa-atexit -Wall -fstack-usage -fcyclomatic-complexity -MMD -MP -MF"Drivers/Src/Gpio_driver.d" -MT"Drivers/Src/Gpio_driver.o" --specs=nano.specs -mfpu=fpv4-sp-d16 -mfloat-abi=hard -mthumb -o "Drivers/Src/Gpio_driver.o"
arm-none-eabi-g++ "../Applications/Led_blink/main.cpp" -mcpu=cortex-m4 -std=gnu++14 -g3 -DDEBUG -DSTM32 -DSTM32F407G_DISC1 -DSTM32F4 -DSTM32F407VGTx -c -I../Inc -I"E:/STM32F407VG_DRIVER DEVELEPMENT/Drivers/Inc" -I"E:/STM32F407VG_DRIVER DEVELEPMENT/Drivers/Drivers/Inc" -O0 -ffunction-sections -fdata-sections -fno-exceptions -fno-rtti -fno-use-cxa-atexit -Wall -fstack-usage -fcyclomatic-complexity -MMD -MP -MF"Applications/Led_blink/main.d" -MT"Applications/Led_blink/main.o" --specs=nano.specs -mfpu=fpv4-sp-d16 -mfloat-abi=hard -mthumb -o "Applications/Led_blink/main.o"
arm-none-eabi-g++ -o "Drivers.elf" @"objects.list"   -mcpu=cortex-m4 -T"E:\STM32F407VG_DRIVER DEVELEPMENT\Drivers\STM32F407VGTX_FLASH.ld" --specs=nosys.specs -Wl,-Map="Drivers.map" -Wl,--gc-sections -static --specs=nano.specs -mfpu=fpv4-sp-d16 -mfloat-abi=hard -mthumb -Wl,--start-group -lc -lm -lstdc++ -lsupc++ -Wl,--end-group
Finished building target: Drivers.elf
 
arm-none-eabi-size  Drivers.elf 
arm-none-eabi-objdump -h -S Drivers.elf  > "Drivers.list"
   text	   data	    bss	    dec	    hex	filename
   1292	      0	   1568	   2860	    b2c	Drivers.elf
Finished building: default.size.stdout
 
Finished building: Drivers.list
 
22:24:18 **** Incremental Build of configuration Debug for project Drivers ****
make -j16 all 
arm-none-eabi-size  Drivers.elf 
   text	   data	    bss	    dec	    hex	filename
   1292	      0	   1568	   2860	    b2c	Drivers.elf
Finished building: default.size.stdout
 
22:24:36 **** Incremental Build of configuration Debug for project Drivers ****
make -j16 all 
arm-none-eabi-size  Drivers.elf 
   text	   data	    bss	    dec	    hex	filename
   1292	      0	   1568	   2860	    b2c	Drivers.elf
Finished building: default.size.stdout
 
22:24:52 **** Incremental Build of configuration Debug for project Drivers ****
make -j16 all 
arm-none-eabi-size  Drivers.elf 
   text	   data	    bss	    dec	    hex	filename
   1292	      0	   1568	   2860	    b2c	Drivers.elf
Finished building: default.size.stdout
 
22:25:05 **** Incremental Build of configuration Debug for project Drivers ****
make -j16 all 
arm-none-eabi-size  Drivers.elf 
   text	   data	    bss	    dec	    hex	filename
   1292	      0	   1568	   2860	    b2c	Drivers.elf
Finished building: default.size.stdout
 
